                :-) GROMACS - gmx mdrun, 2025.4-conda_forge (-:

Copyright 1991-2025 The GROMACS Authors.
GROMACS is free software; you can redistribute it and/or modify it
under the terms of the GNU Lesser General Public License
as published by the Free Software Foundation; either version 2.1
of the License, or (at your option) any later version.

                         Current GROMACS contributors:
       Mark Abraham           Andrey Alekseenko           Brian Andrews       
      Vladimir Basov              Paul Bauer                Hugh Bird         
      Eliane Briand               Ania Brown              Mahesh Doijade      
      Giacomo Fiorin          Stefan Fleischmann          Sergey Gorelov      
   Gilles Gouaillardet            Alan Gray              M. Eric Irrgang      
   Farzaneh Jalalypour         Petter Johansson          Carsten Kutzner      
    Grzegorz Łazarski         Justin A. Lemkul          Magnus Lundborg      
       Pascal Merz             Vedran Miletić            Dmitry Morozov      
     Lukas Müllender            Julien Nabet             Szilárd Páll      
 Andrea Pasquadibisceglie     Michele Pellegrino         Nicola Piasentin     
     Daniele Rapetti         Muhammad Umair Sadiq         Hubert Santuz       
      Roland Schulz             Michael Shirts           Tatiana Shugaeva     
     Alexey Shvetsov            Philip Turner            Alessandra Villa     
 Sebastian Wingbermühle  

                         Previous GROMACS contributors:
        Emile Apol             Rossen Apostolov           James Barnett       
  Herman J.C. Berendsen         Cathrine Bergh             Par Bjelkmar       
      Christian Blau          Viacheslav Bolnykh            Kevin Boyd        
    Aldert van Buuren          Carlo Camilloni           Rudi van Drunen      
      Anton Feenstra           Oliver Fleetwood            Vytas Gapsys       
       Gaurav Garg             Gerrit Groenhof            Bert de Groot       
      Anca Hamuraru           Vincent Hindriksen          Victor Holanda      
     Aleksei Iupinov              Joe Jordan            Christoph Junghans    
    Prashanth Kanduri        Dimitrios Karkoulis           Peter Kasson       
      Sebastian Kehl           Sebastian Keller             Jiri Kraus        
       Per Larsson              Viveca Lindahl            Erik Marklund       
    Pieter Meulenhoff           Teemu Murtola              Sander Pronk       
      Alfons Sijbers            Balint Soproni         David van der Spoel    
      Peter Tieleman            Carsten Uphoff             Jon Vincent        
     Teemu Virolainen         Christian Wennberg           Maarten Wolf       
      Artem Zhmurov       

                  Coordinated by the GROMACS project leaders:
                           Berk Hess and Erik Lindahl

GROMACS:      gmx mdrun, version 2025.4-conda_forge
Executable:   /home/runner/micromamba/envs/openff-docs-examples/bin.AVX2_256/gmx
Data prefix:  /home/runner/micromamba/envs/openff-docs-examples
Working dir:  /home/runner/work/openff-docs/openff-docs/build/cookbook/src/openforcefield/openff-interchange/ligand_in_water
Process ID:   10590
Command line:
  gmx mdrun --deffnm run

GROMACS version:     2025.4-conda_forge
Precision:           mixed
Memory model:        64 bit
MPI library:         thread_mpi
OpenMP support:      enabled (GMX_OPENMP_MAX_THREADS = 128)
GPU support:         OpenCL
NBNxM GPU setup:     super-cluster 2x2x2 / cluster 8 (cluster-pair splitting on)
SIMD instructions:   AVX2_256
CPU FFT library:     fftw-3.3.10-sse2-avx
GPU FFT library:     clFFT
Multi-GPU FFT:       none
RDTSCP usage:        disabled
TNG support:         enabled
Hwloc support:       disabled
Tracing support:     disabled
C compiler:          /home/conda/feedstock_root/build_artifacts/gromacs_1764344590343/_build_env/bin/x86_64-conda-linux-gnu-cc GNU 14.3.0
C compiler flags:    -fexcess-precision=fast -funroll-all-loops -mavx2 -mfma -Wno-missing-field-initializers -O3 -DNDEBUG
C++ compiler:        /home/conda/feedstock_root/build_artifacts/gromacs_1764344590343/_build_env/bin/x86_64-conda-linux-gnu-c++ GNU 14.3.0
C++ compiler flags:  -fexcess-precision=fast -funroll-all-loops -mavx2 -mfma -Wno-missing-field-initializers -Wno-cast-function-type-strict SHELL:-fopenmp -O3 -DNDEBUG
BLAS library:        Internal
LAPACK library:      Internal
OpenCL include dir:  /home/runner/micromamba/envs/openff-docs-examples/include
OpenCL library:      /home/runner/micromamba/envs/openff-docs-examples/lib/libOpenCL.so
OpenCL version:      3.0


Running on 1 node with total 2 cores, 4 processing units (GPU detection failed: No valid OpenCL driver found)
Hardware detected on host runnervmmprz5:
  CPU info:
    Vendor: AMD
    Brand:  AMD EPYC 7763 64-Core Processor                
    Family: 25   Model: 1   Stepping: 1
    Features: aes amd apic avx avx2 clfsh cmov cx8 cx16 f16c fma htt lahf misalignsse mmx msr nonstop_tsc pcid pclmuldq pdpe1gb popcnt pse rdrnd rdtscp sha sse2 sse3 sse4a sse4.1 sse4.2 ssse3
  Hardware topology: Basic
    Packages, cores, and logical processors:
    [indices refer to OS logical processors]
      Package  0: [   0   1] [   2   3]
    CPU limit set by OS: -1   Recommended max number of threads: 4

The current CPU can measure timings more accurately than the code in
gmx mdrun was configured to use. This might affect your simulation
speed as accurate timings are needed for load-balancing.
Please consider rebuilding gmx mdrun with the GMX_USE_RDTSCP=ON CMake option.

++++ PLEASE READ AND CITE THE FOLLOWING REFERENCE ++++
M. J. Abraham, T. Murtola, R. Schulz, S. Páll, J. C. Smith, B. Hess, E.
Lindahl
GROMACS: High performance molecular simulations through multi-level
parallelism from laptops to supercomputers
SoftwareX (2015)
DOI: 10.1016/j.softx.2015.06.001
-------- -------- --- Thank You --- -------- --------


++++ PLEASE READ AND CITE THE FOLLOWING REFERENCE ++++
S. Páll, M. J. Abraham, C. Kutzner, B. Hess, E. Lindahl
Tackling Exascale Software Challenges in Molecular Dynamics Simulations with
GROMACS
In S. Markidis & E. Laure (Eds.), Solving Software Challenges for Exascale (2015)
DOI: 10.1007/978-3-319-15976-8_1
-------- -------- --- Thank You --- -------- --------


++++ PLEASE READ AND CITE THE FOLLOWING REFERENCE ++++
S. Pronk, S. Páll, R. Schulz, P. Larsson, P. Bjelkmar, R. Apostolov, M. R.
Shirts, J. C. Smith, P. M. Kasson, D. van der Spoel, B. Hess, E. Lindahl
GROMACS 4.5: a high-throughput and highly parallel open source molecular
simulation toolkit
Bioinformatics (2013)
DOI: 10.1093/bioinformatics/btt055
-------- -------- --- Thank You --- -------- --------


++++ PLEASE READ AND CITE THE FOLLOWING REFERENCE ++++
B. Hess, C. Kutzner, D. van der Spoel, E. Lindahl
GROMACS 4: Algorithms for highly efficient, load-balanced, and scalable
molecular simulation
J. Chem. Theory Comput. (2008)
DOI: 10.1021/ct700301q
-------- -------- --- Thank You --- -------- --------


++++ PLEASE READ AND CITE THE FOLLOWING REFERENCE ++++
D. van der Spoel, E. Lindahl, B. Hess, G. Groenhof, A. E. Mark, H. J. C.
Berendsen
GROMACS: Fast, Flexible and Free
J. Comp. Chem. (2005)
DOI: 10.1002/jcc.20291
-------- -------- --- Thank You --- -------- --------


++++ PLEASE READ AND CITE THE FOLLOWING REFERENCE ++++
E. Lindahl, B. Hess, D. van der Spoel
GROMACS 3.0: A package for molecular simulation and trajectory analysis
J. Mol. Mod. (2001)
DOI: 10.1007/s008940100045
-------- -------- --- Thank You --- -------- --------


++++ PLEASE READ AND CITE THE FOLLOWING REFERENCE ++++
H. J. C. Berendsen, D. van der Spoel and R. van Drunen
GROMACS: A message-passing parallel molecular dynamics implementation
Comp. Phys. Comm. (1995)
DOI: 10.1016/0010-4655(95)00042-E
-------- -------- --- Thank You --- -------- --------

Input Parameters:
   integrator                     = md
   tinit                          = 0
   dt                             = 0.001
   nsteps                         = 5000
   init-step                      = 0
   simulation-part                = 1
   mts                            = false
   mass-repartition-factor        = 1
   comm-mode                      = Linear
   nstcomm                        = 100
   bd-fric                        = 0
   ld-seed                        = 535410655
   emtol                          = 10
   emstep                         = 0.01
   niter                          = 20
   fcstep                         = 0
   nstcgsteep                     = 1000
   nbfgscorr                      = 10
   rtpi                           = 0.05
   nstxout                        = 0
   nstvout                        = 0
   nstfout                        = 0
   nstlog                         = 1000
   nstcalcenergy                  = 100
   nstenergy                      = 1000
   nstxout-compressed             = 100
   compressed-x-precision         = 1000
   cutoff-scheme                  = Verlet
   nstlist                        = 10
   pbc                            = xyz
   periodic-molecules             = false
   verlet-buffer-tolerance        = 0.005
   verlet-buffer-pressure-tolerance = 0.5
   rlist                          = 0.9
   coulombtype                    = PME
   coulomb-modifier               = Potential-shift
   rcoulomb-switch                = 0
   rcoulomb                       = 0.9
   epsilon-r                      = 1
   epsilon-rf                     = inf
   vdw-type                       = Cut-off
   vdw-modifier                   = Force-switch
   rvdw-switch                    = 0.8
   rvdw                           = 0.9
   DispCorr                       = EnerPres
   table-extension                = 1
   fourierspacing                 = 0.12
   fourier-nx                     = 32
   fourier-ny                     = 32
   fourier-nz                     = 32
   pme-order                      = 4
   ewald-rtol                     = 1e-05
   ewald-rtol-lj                  = 0.001
   lj-pme-comb-rule               = Geometric
   ewald-geometry                 = 3d
   epsilon-surface                = 0
   ensemble-temperature-setting   = constant
   ensemble-temperature           = 300
   tcoupl                         = V-rescale
   nsttcouple                     = 100
   nh-chain-length                = 0
   print-nose-hoover-chain-variables = false
   pcoupl                         = C-rescale
   pcoupltype                     = Isotropic
   nstpcouple                     = 25
   tau-p                          = 1
   compressibility (3x3):
      compressibility[    0]={ 4.50000e-05,  0.00000e+00,  0.00000e+00}
      compressibility[    1]={ 0.00000e+00,  4.50000e-05,  0.00000e+00}
      compressibility[    2]={ 0.00000e+00,  0.00000e+00,  4.50000e-05}
   ref-p (3x3):
      ref-p[    0]={ 1.00000e+00,  0.00000e+00,  0.00000e+00}
      ref-p[    1]={ 0.00000e+00,  1.00000e+00,  0.00000e+00}
      ref-p[    2]={ 0.00000e+00,  0.00000e+00,  1.00000e+00}
   refcoord-scaling               = No
   posres-com: not available
   posres-comB: not available
   QMMM                           = false
qm-opts:
   ngQM                           = 0
   constraint-algorithm           = Lincs
   continuation                   = false
   Shake-SOR                      = false
   shake-tol                      = 0.0001
   lincs-order                    = 4
   lincs-iter                     = 1
   lincs-warnangle                = 30
   nwall                          = 0
   wall-type                      = 9-3
   wall-r-linpot                  = -1
   wall-atomtype[0]               = -1
   wall-atomtype[1]               = -1
   wall-density[0]                = 0
   wall-density[1]                = 0
   wall-ewald-zfac                = 3
   pull                           = false
   awh                            = false
   rotation                       = false
   interactiveMD                  = false
   disre                          = No
   disre-weighting                = Conservative
   disre-mixed                    = false
   dr-fc                          = 1000
   dr-tau                         = 0
   nstdisreout                    = 100
   orire-fc                       = 0
   orire-tau                      = 0
   nstorireout                    = 100
   free-energy                    = no
   cos-acceleration               = 0
   deform (3x3):
      deform[    0]={ 0.00000e+00,  0.00000e+00,  0.00000e+00}
      deform[    1]={ 0.00000e+00,  0.00000e+00,  0.00000e+00}
      deform[    2]={ 0.00000e+00,  0.00000e+00,  0.00000e+00}
   simulated-tempering            = false
   swapcoords                     = no
   userint1                       = 0
   userint2                       = 0
   userint3                       = 0
   userint4                       = 0
   userreal1                      = 0
   userreal2                      = 0
   userreal3                      = 0
   userreal4                      = 0
   applied-forces:
     electric-field:
       x:
         E0                       = 0
         omega                    = 0
         t0                       = 0
         sigma                    = 0
       y:
         E0                       = 0
         omega                    = 0
         t0                       = 0
         sigma                    = 0
       z:
         E0                       = 0
         omega                    = 0
         t0                       = 0
         sigma                    = 0
     density-guided-simulation:
       active                     = false
       group                      = protein
       similarity-measure         = inner-product
       atom-spreading-weight      = unity
       force-constant             = 1e+09
       gaussian-transform-spreading-width = 0.2
       gaussian-transform-spreading-range-in-multiples-of-width = 4
       reference-density-filename = reference.mrc
       nst                        = 1
       normalize-densities        = true
       adaptive-force-scaling     = false
       adaptive-force-scaling-time-constant = 4
       shift-vector               = 
       transformation-matrix      = 
     qmmm-cp2k:
       active                     = false
       qmgroup                    = System
       qmmethod                   = PBE
       qmfilenames                = 
       qmcharge                   = 0
       qmmultiplicity             = 1
     colvars:
       active                     = false
       configfile                 = 
       seed                       = -1
     nnpot:
       active                     = false
       modelfile                  = model.pt
       input-group                = System
       model-input1               = 
       model-input2               = 
       model-input3               = 
       model-input4               = 
grpopts:
   nrdf:        6049
   ref-t:         300
   tau-t:           1
annealing:          No
annealing-npoints:           0
   acc:	           0           0           0
   nfreeze:           N           N           N
   energygrp-flags[  0]: 0

Changing nstlist from 10 to 80, rlist from 0.9 to 1.01


Update groups can not be used for this system because atoms that are (in)directly constrained together are interdispersed with other atoms

Initializing Domain Decomposition on 1 ranks
Dynamic load balancing: auto
Minimum cell size due to atom displacement: 0.384 nm
Initial maximum distances in bonded interactions:
    two-body bonded interactions: 0.385 nm, LJ-14, atoms 1 6
  multi-body bonded interactions: 0.385 nm, Proper Dih., atoms 1 6
Minimum cell size due to bonded interactions: 0.423 nm
Maximum distance for 5 constraints, at 120 deg. angles, all-trans: 0.218 nm
Estimated maximum distance required for P-LINCS: 0.218 nm
Using 0 separate PME ranks because: there are too few total ranks for efficient splitting
Optimizing the DD grid for 1 cells with a minimum initial size of 0.423 nm
The maximum allowed number of cells is: X 6 Y 6 Z 5
Domain decomposition grid 1 x 1 x 1, separate PME ranks 0
PME domain decomposition: 1 x 1 x 1

The initial number of communication pulses is:
The initial domain decomposition cell size is:

The maximum allowed distance for atoms involved in interactions is:
                 non-bonded interactions           1.010 nm
(the following are initial values, they could change due to box deformation)
            two-body bonded interactions  (-rdd)   1.010 nm
          multi-body bonded interactions  (-rdd)   1.010 nm
              virtual site constructions  (-rcon)  2.475 nm
  atoms separated by up to 5 constraints  (-rcon)  2.475 nm

When dynamic load balancing gets turned on, these settings will change to:
The maximum number of communication pulses is:
The minimum size for domain decomposition cells is 1.010 nm
The requested allowed shrink of DD cells (option -dds) is: 0.80
The allowed shrink of domain decomposition cells is:
The maximum allowed distance for atoms involved in interactions is:
                 non-bonded interactions           1.010 nm
            two-body bonded interactions  (-rdd)   1.010 nm
          multi-body bonded interactions  (-rdd)   1.010 nm
              virtual site constructions  (-rcon)  1.010 nm
  atoms separated by up to 5 constraints  (-rcon)  1.010 nm

Local state does not use filler particles

Using 1 MPI thread
Using 4 OpenMP threads 

System total charge: -0.000
Will do PME sum in reciprocal space for electrostatic interactions.

++++ PLEASE READ AND CITE THE FOLLOWING REFERENCE ++++
U. Essmann, L. Perera, M. L. Berkowitz, T. Darden, H. Lee, L. G. Pedersen 
A smooth particle mesh Ewald method
J. Chem. Phys. (1995)
DOI: 10.1063/1.470117
-------- -------- --- Thank You --- -------- --------

Using a Gaussian width (1/beta) of 0.288146 nm for Ewald
Potential shift: LJ r^-12: -6.469e+00 r^-6: -2.590e+00, Ewald -1.111e-05
Initialized non-bonded Coulomb Ewald tables, spacing: 8.85e-04 size: 1018

Generated table with 1005 data points for 1-4 COUL.
Tabscale = 500 points/nm
Generated table with 1005 data points for 1-4 LJ6.
Tabscale = 500 points/nm
Generated table with 1005 data points for 1-4 LJ12.
Tabscale = 500 points/nm
Long Range LJ corr.: <C6> 1.9090e-04


Using SIMD4xM 4x8 nonbonded short-range kernels

Using a dual 4x8 pair-list setup updated with dynamic pruning:
  outer list: updated every 80 steps, buffer 0.110 nm, rlist 1.010 nm
  inner list: updated every 16 steps, buffer 0.000 nm, rlist 0.900 nm
At tolerance 0.005 kJ/mol/ps per atom, equivalent classical 1x1 list would be:
  outer list: updated every 80 steps, buffer 0.222 nm, rlist 1.122 nm
  inner list: updated every 16 steps, buffer 0.031 nm, rlist 0.931 nm

The average pressure is off by at most 0.00 bar due to missing LJ interactions
Removing pbc first time

Linking all bonded interactions to atoms
There are 1000 inter update-group virtual sites,
will perform an extra communication step for selected coordinates and forces


Pinning threads with an auto-selected logical cpu stride of 1

Initializing Parallel LINear Constraint Solver

++++ PLEASE READ AND CITE THE FOLLOWING REFERENCE ++++
B. Hess
P-LINCS: A Parallel Linear Constraint Solver for molecular simulation
J. Chem. Theory Comput. (2008)
DOI: 10.1021/ct700200b
-------- -------- --- Thank You --- -------- --------

The number of constraints is 8
There are constraints between atoms in different decomposition domains,
will communicate selected coordinates each lincs iteration

++++ PLEASE READ AND CITE THE FOLLOWING REFERENCE ++++
S. Miyamoto, P. A. Kollman
SETTLE: An Analytical Version of the SHAKE and RATTLE Algorithms for Rigid
Water Models
J. Comp. Chem. (1992)
DOI: 10.1002/jcc.540130805
-------- -------- --- Thank You --- -------- --------


++++ PLEASE READ AND CITE THE FOLLOWING REFERENCE ++++
G. Bussi, D. Donadio, M. Parrinello
Canonical sampling through velocity rescaling
J. Chem. Phys. (2007)
DOI: 10.1063/1.2408420
-------- -------- --- Thank You --- -------- --------


++++ PLEASE READ AND CITE THE FOLLOWING REFERENCE ++++
M. Bernetti, G. Bussi
Pressure control using stochastic cell rescaling
J. Chem. Phys. (2020)
DOI: 10.1063/5.0020514
-------- -------- --- Thank You --- -------- --------

There are: 3020 Atoms
There are: 1000 VSites
Atom distribution over 1 domains: av 4020 stddev 0 min 4020 max 4020

Constraining the starting coordinates (step 0)

Constraining the coordinates at t0-dt (step 0)
Center of mass motion removal mode is Linear
We have the following groups for center of mass motion removal:
  0:  rest
RMS relative constraint deviation after constraining: 6.36e-07
Initial temperature: 299.464 K

Started mdrun on rank 0 Fri Oct  9 03:55:09 2026

           Step           Time
              0        0.00000

   Energies (kJ/mol)
           Bond          Angle    Proper Dih. Per. Imp. Dih.          LJ-14
    4.11787e+00    9.56549e+00    3.32706e+01    3.87584e-01    1.89543e+00
     Coulomb-14        LJ (SR)  Disper. corr.   Coulomb (SR)   Coul. recip.
    5.18111e+02    1.22220e+04   -6.82911e+02   -6.99651e+04    2.10171e+02
      Potential    Kinetic En.   Total Energy  Conserved En.    Temperature
   -5.76485e+04    7.53080e+03   -5.01177e+04   -5.01113e+04    2.99470e+02
 Pres. DC (bar) Pressure (bar)   Constr. rmsd
   -3.74587e+02   -5.42636e+02    9.56696e-07

           Step           Time
           1000        1.00000

   Energies (kJ/mol)
           Bond          Angle    Proper Dih. Per. Imp. Dih.          LJ-14
    8.83078e+00    2.45675e+01    3.51262e+01    2.72136e-01    5.45668e+00
     Coulomb-14        LJ (SR)  Disper. corr.   Coulomb (SR)   Coul. recip.
    5.24098e+02    1.10850e+04   -6.95409e+02   -6.36519e+04    2.61394e+02
      Potential    Kinetic En.   Total Energy  Conserved En.    Temperature
   -5.24025e+04    5.16284e+03   -4.72397e+04   -5.00288e+04    2.05306e+02
 Pres. DC (bar) Pressure (bar)   Constr. rmsd
   -3.88403e+02    1.14660e+03    1.27507e-06

           Step           Time
           2000        2.00000

   Energies (kJ/mol)
           Bond          Angle    Proper Dih. Per. Imp. Dih.          LJ-14
    1.72394e+01    3.21844e+01    3.91268e+01    5.55427e-01    1.57709e+00
     Coulomb-14        LJ (SR)  Disper. corr.   Coulomb (SR)   Coul. recip.
    5.21930e+02    1.00096e+04   -6.86472e+02   -6.21014e+04    3.14389e+02
      Potential    Kinetic En.   Total Energy  Conserved En.    Temperature
   -5.18513e+04    6.21415e+03   -4.56371e+04   -5.00571e+04    2.47112e+02
 Pres. DC (bar) Pressure (bar)   Constr. rmsd
   -3.78498e+02   -5.58472e+02    8.47665e-07

           Step           Time
           3000        3.00000

   Energies (kJ/mol)
           Bond          Angle    Proper Dih. Per. Imp. Dih.          LJ-14
    1.08760e+01    2.85988e+01    4.05154e+01    2.91413e+00    6.04634e+00
     Coulomb-14        LJ (SR)  Disper. corr.   Coulomb (SR)   Coul. recip.
    5.35451e+02    1.02597e+04   -6.88191e+02   -6.18108e+04    3.35845e+02
      Potential    Kinetic En.   Total Energy  Conserved En.    Temperature
   -5.12790e+04    6.64152e+03   -4.46375e+04   -5.00415e+04    2.64107e+02
 Pres. DC (bar) Pressure (bar)   Constr. rmsd
   -3.80393e+02    2.77674e+02    5.91934e-07

           Step           Time
           4000        4.00000

   Energies (kJ/mol)
           Bond          Angle    Proper Dih. Per. Imp. Dih.          LJ-14
    1.27220e+01    2.99758e+01    3.82605e+01    1.55225e+00    5.20549e+00
     Coulomb-14        LJ (SR)  Disper. corr.   Coulomb (SR)   Coul. recip.
    5.42132e+02    9.83918e+03   -6.86158e+02   -6.10370e+04    3.19449e+02
      Potential    Kinetic En.   Total Energy  Conserved En.    Temperature
   -5.09347e+04    6.86929e+03   -4.40654e+04   -5.00243e+04    2.73165e+02
 Pres. DC (bar) Pressure (bar)   Constr. rmsd
   -3.78152e+02   -2.34145e+02    8.27249e-07

           Step           Time
           5000        5.00000

Writing checkpoint, step 5000 at Fri Oct  9 03:55:16 2026


   Energies (kJ/mol)
           Bond          Angle    Proper Dih. Per. Imp. Dih.          LJ-14
    1.66509e+01    3.32792e+01    5.91196e+01    1.11851e+00    8.21204e+00
     Coulomb-14        LJ (SR)  Disper. corr.   Coulomb (SR)   Coul. recip.
    5.45221e+02    1.00672e+04   -6.86657e+02   -6.11238e+04    3.49638e+02
      Potential    Kinetic En.   Total Energy  Conserved En.    Temperature
   -5.07300e+04    7.18879e+03   -4.35412e+04   -4.99861e+04    2.85870e+02
 Pres. DC (bar) Pressure (bar)   Constr. rmsd
   -3.78701e+02    3.43785e+02    4.90155e-07


Energy conservation over simulation part #1 of length 5 ps, time 0 to 5 ps
  Conserved energy drift: 6.23e-03 kJ/mol/ps per atom


	<======  ###############  ==>
	<====  A V E R A G E S  ====>
	<==  ###############  ======>

	Statistics over 5001 steps using 51 frames

   Energies (kJ/mol)
           Bond          Angle    Proper Dih. Per. Imp. Dih.          LJ-14
    1.33666e+01    2.89939e+01    3.97270e+01    9.72413e-01    5.84914e+00
     Coulomb-14        LJ (SR)  Disper. corr.   Coulomb (SR)   Coul. recip.
    5.30186e+02    1.03549e+04   -6.88582e+02   -6.23837e+04    3.05766e+02
      Potential    Kinetic En.   Total Energy  Conserved En.    Temperature
   -5.17926e+04    6.14648e+03   -4.56461e+04   -5.00332e+04    2.44421e+02
 Pres. DC (bar) Pressure (bar)   Constr. rmsd
   -3.80836e+02    1.03565e+02    0.00000e+00

          Box-X          Box-Y          Box-Z
    3.49040e+00    3.49040e+00    2.46809e+00

   Total Virial (kJ/mol)
    2.09333e+03    8.50384e+01    5.56411e+01
    8.46886e+01    1.92618e+03    9.23684e+01
    5.56325e+01    9.25818e+01    1.84927e+03

   Pressure (bar)
   -4.08696e+01   -7.96648e+01   -6.47909e+01
   -7.92782e+01    1.20937e+02   -9.87334e+01
   -6.47812e+01   -9.89693e+01    2.30626e+02


	M E G A - F L O P S   A C C O U N T I N G

 NB=Group-cutoff nonbonded kernels    NxN=N-by-N cluster Verlet kernels
 RF=Reaction-Field  VdW=Van der Waals  QSTab=quadratic-spline table
 W3=SPC/TIP3p  W4=TIP4p (single or pairs)
 V&F=Potential and force  V=Potential only  F=Force only

 Computing:                               M-Number         M-Flops  % Flops
-----------------------------------------------------------------------------
 Pair Search distance check              90.712454         816.412     0.1
 NxN Ewald Elec. + LJ [F]              6262.169392      488449.213    51.6
 NxN Ewald Elec. + LJ [V&F]              64.483104        8318.320     0.9
 NxN LJ [F]                              91.122816        4100.527     0.4
 NxN LJ [V&F]                             0.937024          60.907     0.0
 NxN Ewald Elec. [F]                   6230.872144      380083.201    40.1
 NxN Ewald Elec. [V&F]                   64.162528        5389.652     0.6
 1,4 nonbonded interactions               0.210042          18.904     0.0
 Calc Weights                            60.312060        2171.234     0.2
 Spread Q Bspline                      1286.657280        2573.315     0.3
 Gather F Bspline                      1286.657280        7719.944     0.8
 3D-FFT                                4916.173038       39329.384     4.2
 Solve PME                               87.057408        5571.674     0.6
 Reset In Box                             0.253260           0.760     0.0
 CG-CoM                                   0.257280           0.772     0.0
 Bonds                                    0.060012           3.541     0.0
 Angles                                   0.160032          26.885     0.0
 Propers                                  0.300060          68.714     0.0
 Impropers                                0.045009           9.362     0.0
 Virial                                   0.817065          14.707     0.0
 Stop-CM                                  0.209040           2.090     0.0
 P-Coupling                               0.808020           4.848     0.0
 Calc-Ekin                                1.616040          43.633     0.0
 Lincs                                    0.040024           2.401     0.0
 Lincs-Mat                                0.060036           0.240     0.0
 Constraint-V                            15.086032         135.774     0.0
 Constraint-Vir                           0.604608          14.511     0.0
 Settle                                   5.003000        1851.110     0.2
 Virtual Site 3                           5.202000         192.474     0.0
-----------------------------------------------------------------------------
 Total                                                  946974.509   100.0
-----------------------------------------------------------------------------


    D O M A I N   D E C O M P O S I T I O N   S T A T I S T I C S

 av. #atoms communicated per step for force:  2 x 0.0
 av. #atoms communicated per step for vsites: 3 x 0.0
 av. #atoms communicated per step for LINCS:  2 x 0.0


      R E A L   C Y C L E   A N D   T I M E   A C C O U N T I N G

On 1 MPI rank, each using 4 OpenMP threads

 Activity:              Num   Num      Call    Wall time         Giga-Cycles
                        Ranks Threads  Count      (s)         total sum    %
--------------------------------------------------------------------------------
 Domain decomp.            1    4         63       0.037          0.362   0.5
 Vsite constr.             1    4       5001       0.074          0.727   1.1
 Neighbor search           1    4         63       0.128          1.252   1.8
 Force                     1    4       5001       5.424         53.060  77.4
 PME mesh                  1    4       5001       1.058         10.354  15.1
 NB X/F buffer ops.        1    4      10002       0.093          0.913   1.3
 Vsite spread              1    4       5202       0.043          0.418   0.6
 Write traj.               1    4         51       0.027          0.261   0.4
 Update                    1    4       5001       0.034          0.331   0.5
 Constraints               1    4       5003       0.073          0.715   1.0
 Kinetic energy            1    4        401       0.003          0.025   0.0
 Rest                                              0.018          0.173   0.3
--------------------------------------------------------------------------------
 Total                                             7.012         68.589 100.0
--------------------------------------------------------------------------------
 Breakdown of PME mesh activities
--------------------------------------------------------------------------------
 PME spread                1    4       5001       0.355          3.468   5.1
 PME gather                1    4       5001       0.213          2.079   3.0
 PME 3D-FFT                1    4      10002       0.424          4.147   6.0
 PME solve Elec            1    4       5001       0.063          0.617   0.9
--------------------------------------------------------------------------------

               Core t (s)   Wall t (s)        (%)
       Time:       28.048        7.012      400.0
                 (ns/day)    (hour/ns)
Performance:       61.621        0.389
Finished mdrun on rank 0 Fri Oct  9 03:55:16 2026

